[CDX] globalcolor proc=0
[CDX] symtabcount proc=0 n=12 base=0x10240000
[CDX] symtab proc=0 idx=0 kind=3 name=isvar dtype=6 selfidx=0 bit=4096 ver=1 off=-4 tag=16 class=1 b23=2 b24=4 vreg=1 op=0 l=-1 r=-1 raw08=0x00000000 raw12=0x00000000 raw16=0xfffffffc raw20=0x00100000 raw24=0x04000000 raw28=0x00000000 raw32=0x00000000 raw36=0x00000000 rec=0x10240100
[CDX] symtab proc=0 idx=2 kind=3 name=isvar dtype=6 selfidx=2 bit=4098 ver=9 off=2 tag=0 class=3 b23=0 b24=4 vreg=1 op=0 l=-1 r=-1 raw08=0x00000000 raw12=0x00000000 raw16=0x00000002 raw20=0x00000000 raw24=0x04000000 raw28=0x00000000 raw32=0x00000000 raw36=0x00000000 rec=0x10240110
[CDX] symtab proc=0 idx=8 kind=3 name=isvar dtype=6 selfidx=8 bit=4104 ver=1 off=-124 tag=16 class=1 b23=2 b24=4 vreg=1 op=0 l=-1 r=-1 raw08=0x00000000 raw12=0x00000000 raw16=0xffffff84 raw20=0x00100000 raw24=0x04000000 raw28=0x00000000 raw32=0x00000000 raw36=0x00000000 rec=0x10240120
[CDX] symtab proc=0 idx=13 kind=3 name=isvar dtype=0 selfidx=13 bit=4109 ver=3 off=0 tag=16 class=2 b23=2 b24=4 vreg=1 op=0 l=-1 r=-1 raw08=0x00000000 raw12=0x00000000 raw16=0x00000000 raw20=0x00100000 raw24=0x04000000 raw28=0x00000000 raw32=0x00000000 raw36=0x00000000 rec=0x10240130
[CDX] symtab proc=0 idx=46 kind=3 name=isvar dtype=6 selfidx=46 bit=4142 ver=1 off=-12 tag=16 class=1 b23=2 b24=4 vreg=0 op=0 l=-1 r=-1 raw08=0x00000000 raw12=0x00000000 raw16=0xfffffff4 raw20=0x00100000 raw24=0x04000000 raw28=0x00000000 raw32=0x00000000 raw36=0x00000000 rec=0x10240140
[CDX] symtab proc=0 idx=69 kind=3 name=isvar dtype=6 selfidx=69 bit=4165 ver=1 off=-132 tag=16 class=1 b23=2 b24=2 vreg=1 op=0 l=-1 r=-1 raw08=0x00000000 raw12=0x00000000 raw16=0xffffff7c raw20=0x00100000 raw24=0x02000000 raw28=0x00000000 raw32=0x00000000 raw36=0x00000000 rec=0x10240150
[CDX] symtab proc=0 idx=71 kind=4 name=isop dtype=6 selfidx=71 bit=4167 ver=1 off=123 tag=0 class=0 b23=0 b24=0 vreg=0 op=123 l=69 r=2 raw08=0x00000000 raw12=0x00000000 raw16=0x7b000000 raw20=0x10240150 raw24=0x10240110 raw28=0x00000000 raw32=0x00000000 raw36=0x00000000 rec=0x10240160
[CDX] symtab proc=0 idx=72 kind=3 name=isvar dtype=6 selfidx=72 bit=4168 ver=1 off=-140 tag=16 class=1 b23=2 b24=4 vreg=1 op=0 l=-1 r=-1 raw08=0x00000000 raw12=0x00000000 raw16=0xffffff74 raw20=0x00100000 raw24=0x04000000 raw28=0x00000000 raw32=0x00000000 raw36=0x00000000 rec=0x10240170
[CDX] symtab proc=0 idx=74 kind=4 name=isop dtype=6 selfidx=74 bit=4170 ver=1 off=123 tag=0 class=0 b23=0 b24=0 vreg=0 op=123 l=72 r=2 raw08=0x00000000 raw12=0x00000000 raw16=0x7b000000 raw20=0x10240170 raw24=0x10240110 raw28=0x00000000 raw32=0x00000000 raw36=0x00000000 rec=0x10240180
[CDX] symtab proc=0 idx=77 kind=3 name=isvar dtype=6 selfidx=77 bit=4173 ver=1 off=-18 tag=16 class=1 b23=2 b24=2 vreg=1 op=0 l=-1 r=-1 raw08=0x00000000 raw12=0x00000000 raw16=0xffffffee raw20=0x00100000 raw24=0x02000000 raw28=0x00000000 raw32=0x00000000 raw36=0x00000000 rec=0x10240190
[CDX] symtab proc=0 idx=79 kind=4 name=isop dtype=6 selfidx=79 bit=4175 ver=1 off=123 tag=0 class=0 b23=0 b24=0 vreg=0 op=123 l=77 r=2 raw08=0x00000000 raw12=0x00000000 raw16=0x7b000000 raw20=0x10240190 raw24=0x10240110 raw28=0x00000000 raw32=0x00000000 raw36=0x00000000 rec=0x102401a0
[CDX] symtab proc=0 idx=80 kind=3 name=isvar dtype=6 selfidx=80 bit=4176 ver=1 off=-136 tag=16 class=1 b23=2 b24=4 vreg=0 op=0 l=-1 r=-1 raw08=0x00000000 raw12=0x00000000 raw16=0xffffff78 raw20=0x00100000 raw24=0x04000000 raw28=0x00000000 raw32=0x00000000 raw36=0x00000000 rec=0x102401b0
[CDX] symtab proc=0 idx=112 kind=3 name=isvar dtype=6 selfidx=112 bit=4208 ver=1 off=-72 tag=16 class=1 b23=2 b24=4 vreg=1 op=0 l=-1 r=-1 raw08=0x00000000 raw12=0x00000000 raw16=0xffffffb8 raw20=0x00100000 raw24=0x04000000 raw28=0x00000000 raw32=0x00000000 raw36=0x00000000 rec=0x102401c0
[CDX] symtab proc=0 idx=162 kind=3 name=isvar dtype=6 selfidx=162 bit=4258 ver=1 off=-80 tag=16 class=1 b23=2 b24=4 vreg=1 op=0 l=-1 r=-1 raw08=0x00000000 raw12=0x00000000 raw16=0xffffffb0 raw20=0x00100000 raw24=0x04000000 raw28=0x00000000 raw32=0x00000000 raw36=0x00000000 rec=0x102401d0
[CDX] symtab proc=0 idx=244 kind=4 name=isop dtype=6 selfidx=244 bit=4340 ver=1 off=123 tag=0 class=0 b23=0 b24=0 vreg=0 op=123 l=80 r=2 raw08=0x00000000 raw12=0x00000000 raw16=0x7b000000 raw20=0x102401b0 raw24=0x10240110 raw28=0x00000000 raw32=0x00000000 raw36=0x00000000 rec=0x102401e0
[CDX] symtab proc=0 idx=410 kind=4 name=isop dtype=6 selfidx=410 bit=4506 ver=1 off=125 tag=0 class=0 b23=0 b24=0 vreg=0 op=125 l=8 r=112 raw08=0x00000000 raw12=0x00000000 raw16=0x7d000000 raw20=0x10240120 raw24=0x102401c0 raw28=0x00000000 raw32=0x00000000 raw36=0x00000000 rec=0x102401f0
[CDX] symtab proc=0 idx=408 kind=3 name=isvar dtype=6 selfidx=408 bit=4504 ver=1 off=-144 tag=16 class=1 b23=2 b24=4 vreg=1 op=0 l=-1 r=-1 raw08=0x00000000 raw12=0x00000000 raw16=0xffffff70 raw20=0x00100000 raw24=0x04000000 raw28=0x00000000 raw32=0x00000000 raw36=0x00000000 rec=0x10240200
[CDX] symtab proc=0 idx=411 kind=0 name=empty dtype=0 selfidx=411 bit=0 ver=0 off=0 tag=0 class=0 b23=0 b24=0 vreg=0 op=0 l=-1 r=-1 raw08=0x00000000 raw12=0x00000000 raw16=0x00000000 raw20=0x00000000 raw24=0x00000000 raw28=0x00000000 raw32=0x00000000 raw36=0x00000000 rec=0x10240210
[CDX] webdetail phase=p1 proc=0 role=target web=80 sym=80 type=3 dtype=6 table=311 chain=1 exprtable=902 exprchain=1 bb=17 line=119 raw10=0xffffff78 raw14=0x00030102 raw18=0x04010000 raw20=0x00000000
[CDX] webdetail phase=p1 proc=0 role=target web=181 sym=80 type=3 dtype=6 table=311 chain=1 exprtable=902 exprchain=1 bb=29 line=147 raw10=0xffffff78 raw14=0x00030102 raw18=0x04010000 raw20=0x00000000
[CDX] webdetail phase=p1 proc=0 role=target web=69 sym=69 type=3 dtype=6 table=284 chain=1 exprtable=871 exprchain=1 bb=11 line=114 raw10=0xffffff7c raw14=0x00030102 raw18=0x02010000 raw20=0x00000000
[CDX] p1dec phase=p1 proc=0 web=80 sym=80 class=1 save=3.571429 nocs=7 totalsave=25.000000 bestcost=0.000000 bestcolor=1 bestreg=v1 forbidden0=0x00000000 forbidden1=0x00000000 regsleft=9 numintf=28 available0=0x7fffffff available1=0x00000000 allcallersave=0 taken1=-1 taken2=-1 decision=color forced=-2
[CDX] p1color phase=p1 proc=0 web=80 sym=80 color=1 reg=v1 forced=-2
